Found and added required header to zip: ../../../../microchip/harmony/v1_08/framework/driver/pmp/config/drv_pmp_config.h
Found and added required header to zip: ../../../../microchip/harmony/v1_08/framework/driver/pmp/drv_pmp.h
Found and added required header to zip: ../../../../microchip/harmony/v1_08/framework/driver/usart/drv_usart.h
Found and added required header to zip: ../../../../microchip/harmony/v1_08/framework/driver/usart/src/drv_usart_variant_mapping.h
Found and added required header to zip: ../../../../microchip/harmony/v1_08/framework/peripheral/devcon/plib_devcon.h
Found and added required header to zip: ../../../../microchip/harmony/v1_08/framework/peripheral/devcon/processor/devcon_p32mz1024efe100.h
Found and added required header to zip: ../../../../microchip/harmony/v1_08/framework/peripheral/devcon/processor/devcon_p32xxxx.h
Found and added required header to zip: ../../../../microchip/harmony/v1_08/framework/peripheral/devcon/processor/devcon_processor.h
Found and added required header to zip: ../../../../microchip/harmony/v1_08/framework/peripheral/devcon/templates/devcon_AlternateClock_Default.h
Found and added required header to zip: ../../../../microchip/harmony/v1_08/framework/peripheral/devcon/templates/devcon_AnalogChargePumpControl_Default.h
Found and added required header to zip: ../../../../microchip/harmony/v1_08/framework/peripheral/devcon/templates/devcon_BootSelection_Unsupported.h
Found and added required header to zip: ../../../../microchip/harmony/v1_08/framework/peripheral/devcon/templates/devcon_DeviceRegsLockUnlock_PIC32MZ.h
Found and added required header to zip: ../../../../microchip/harmony/v1_08/framework/peripheral/devcon/templates/devcon_DeviceVerAndId_Default.h
Found and added required header to zip: ../../../../microchip/harmony/v1_08/framework/peripheral/devcon/templates/devcon_ECCModes_Default.h
Found and added required header to zip: ../../../../microchip/harmony/v1_08/framework/peripheral/devcon/templates/devcon_HSUARTControl_Unsupported.h
Found and added required header to zip: ../../../../microchip/harmony/v1_08/framework/peripheral/devcon/templates/devcon_IgnoreDebugFreeze_Unsupported.h
Found and added required header to zip: ../../../../microchip/harmony/v1_08/framework/peripheral/devcon/templates/devcon_JTAGEnable_Default.h
Found and added required header to zip: ../../../../microchip/harmony/v1_08/framework/peripheral/devcon/templates/devcon_JTAGUsesTDO_Default.h
Found and added required header to zip: ../../../../microchip/harmony/v1_08/framework/peripheral/devcon/templates/devcon_MPLL_Unsupported.h
Found and added required header to zip: ../../../../microchip/harmony/v1_08/framework/peripheral/devcon/templates/devcon_OTPConfigLockUnlock_Unsupported.h
Found and added required header to zip: ../../../../microchip/harmony/v1_08/framework/peripheral/devcon/templates/devcon_SysLockUnlock_Default.h
Found and added required header to zip: ../../../../microchip/harmony/v1_08/framework/peripheral/devcon/templates/devcon_TraceOutput_Default.h
Found and added required header to zip: ../../../../microchip/harmony/v1_08/framework/peripheral/devcon/templates/devcon_USB_PHY_SleepModeSet_Default.h
Found and added required header to zip: ../../../../microchip/harmony/v1_08/framework/peripheral/dma/plib_dma.h
Found and added required header to zip: ../../../../microchip/harmony/v1_08/framework/peripheral/dma/processor/dma_p32mz1024efe100.h
Found and added required header to zip: ../../../../microchip/harmony/v1_08/framework/peripheral/dma/processor/dma_p32xxxx.h
Found and added required header to zip: ../../../../microchip/harmony/v1_08/framework/peripheral/dma/processor/dma_processor.h
Found and added required header to zip: ../../../../microchip/harmony/v1_08/framework/peripheral/dma/templates/dma_AbortTransfer_Default.h
Found and added required header to zip: ../../../../microchip/harmony/v1_08/framework/peripheral/dma/templates/dma_Busy_Default.h
Found and added required header to zip: ../../../../microchip/harmony/v1_08/framework/peripheral/dma/templates/dma_CRCAppendMode_Default.h
Found and added required header to zip: ../../../../microchip/harmony/v1_08/framework/peripheral/dma/templates/dma_CRCBitOrder_Default.h
Found and added required header to zip: ../../../../microchip/harmony/v1_08/framework/peripheral/dma/templates/dma_CRCByteOrder_Default.h
Found and added required header to zip: ../../../../microchip/harmony/v1_08/framework/peripheral/dma/templates/dma_CRCChannel_Default.h
Found and added required header to zip: ../../../../microchip/harmony/v1_08/framework/peripheral/dma/templates/dma_CRCData_Default.h
Found and added required header to zip: ../../../../microchip/harmony/v1_08/framework/peripheral/dma/templates/dma_CRCPolynomialLength_Default.h
Found and added required header to zip: ../../../../microchip/harmony/v1_08/framework/peripheral/dma/templates/dma_CRCType_Default.h
Found and added required header to zip: ../../../../microchip/harmony/v1_08/framework/peripheral/dma/templates/dma_CRCWriteByteOrder_Default.h
Found and added required header to zip: ../../../../microchip/harmony/v1_08/framework/peripheral/dma/templates/dma_CRCXOREnable_Default.h
Found and added required header to zip: ../../../../microchip/harmony/v1_08/framework/peripheral/dma/templates/dma_ChannelBits_Default.h
Found and added required header to zip: ../../../../microchip/harmony/v1_08/framework/peripheral/dma/templates/dma_ChannelXAbortIRQ_Default.h
Found and added required header to zip: ../../../../microchip/harmony/v1_08/framework/peripheral/dma/templates/dma_ChannelXAuto_Default.h
Found and added required header to zip: ../../../../microchip/harmony/v1_08/framework/peripheral/dma/templates/dma_ChannelXBusy_Default.h
Found and added required header to zip: ../../../../microchip/harmony/v1_08/framework/peripheral/dma/templates/dma_ChannelXCellProgressPointer_Default.h
Found and added required header to zip: ../../../../microchip/harmony/v1_08/framework/peripheral/dma/templates/dma_ChannelXCellSize_Default.h
Found and added required header to zip: ../../../../microchip/harmony/v1_08/framework/peripheral/dma/templates/dma_ChannelXChainEnbl_Default.h
Found and added required header to zip: ../../../../microchip/harmony/v1_08/framework/peripheral/dma/templates/dma_ChannelXChain_Default.h
Found and added required header to zip: ../../../../microchip/harmony/v1_08/framework/peripheral/dma/templates/dma_ChannelXDestinationPointer_Default.h
Found and added required header to zip: ../../../../microchip/harmony/v1_08/framework/peripheral/dma/templates/dma_ChannelXDestinationSize_Default.h
Found and added required header to zip: ../../../../microchip/harmony/v1_08/framework/peripheral/dma/templates/dma_ChannelXDestinationStartAddress_Default.h
Found and added required header to zip: ../../../../microchip/harmony/v1_08/framework/peripheral/dma/templates/dma_ChannelXDisabled_Default.h
Found and added required header to zip: ../../../../microchip/harmony/v1_08/framework/peripheral/dma/templates/dma_ChannelXEvent_Default.h
Found and added required header to zip: ../../../../microchip/harmony/v1_08/framework/peripheral/dma/templates/dma_ChannelXINTSourceFlag_Default.h
Found and added required header to zip: ../../../../microchip/harmony/v1_08/framework/peripheral/dma/templates/dma_ChannelXINTSource_Default.h
Found and added required header to zip: ../../../../microchip/harmony/v1_08/framework/peripheral/dma/templates/dma_ChannelXPatternData_Default.h
Found and added required header to zip: ../../../../microchip/harmony/v1_08/framework/peripheral/dma/templates/dma_ChannelXPatternIgnoreByte_Default.h
Found and added required header to zip: ../../../../microchip/harmony/v1_08/framework/peripheral/dma/templates/dma_ChannelXPatternIgnore_Default.h
Found and added required header to zip: ../../../../microchip/harmony/v1_08/framework/peripheral/dma/templates/dma_ChannelXPatternLength_Default.h
Found and added required header to zip: ../../../../microchip/harmony/v1_08/framework/peripheral/dma/templates/dma_ChannelXPriority_Default.h
Found and added required header to zip: ../../../../microchip/harmony/v1_08/framework/peripheral/dma/templates/dma_ChannelXSourcePointer_Default.h
Found and added required header to zip: ../../../../microchip/harmony/v1_08/framework/peripheral/dma/templates/dma_ChannelXSourceSize_Default.h
Found and added required header to zip: ../../../../microchip/harmony/v1_08/framework/peripheral/dma/templates/dma_ChannelXSourceStartAddress_Default.h
Found and added required header to zip: ../../../../microchip/harmony/v1_08/framework/peripheral/dma/templates/dma_ChannelXStartIRQ_Default.h
Found and added required header to zip: ../../../../microchip/harmony/v1_08/framework/peripheral/dma/templates/dma_ChannelXTrigger_Default.h
Found and added required header to zip: ../../../../microchip/harmony/v1_08/framework/peripheral/dma/templates/dma_ChannelX_Default.h
Found and added required header to zip: ../../../../microchip/harmony/v1_08/framework/peripheral/dma/templates/dma_Crc_Default.h
Found and added required header to zip: ../../../../microchip/harmony/v1_08/framework/peripheral/dma/templates/dma_EnableControl_Default.h
Found and added required header to zip: ../../../../microchip/harmony/v1_08/framework/peripheral/dma/templates/dma_LastBusAccess_Default.h
Found and added required header to zip: ../../../../microchip/harmony/v1_08/framework/peripheral/dma/templates/dma_RecentAddress_Default.h
Found and added required header to zip: ../../../../microchip/harmony/v1_08/framework/peripheral/dma/templates/dma_StartTransfer_Default.h
Found and added required header to zip: ../../../../microchip/harmony/v1_08/framework/peripheral/dma/templates/dma_StopInIdle_Unsupported.h
Found and added required header to zip: ../../../../microchip/harmony/v1_08/framework/peripheral/dma/templates/dma_Suspend_Default.h
Found and added required header to zip: ../../../../microchip/harmony/v1_08/framework/peripheral/int/plib_int.h
Found and added required header to zip: ../../../../microchip/harmony/v1_08/framework/peripheral/int/plib_int_private_pic32.h
Found and added required header to zip: ../../../../microchip/harmony/v1_08/framework/peripheral/int/processor/int_p32mz1024efe100.h
Found and added required header to zip: ../../../../microchip/harmony/v1_08/framework/peripheral/int/processor/int_p32xxxx.h
Found and added required header to zip: ../../../../microchip/harmony/v1_08/framework/peripheral/int/processor/int_processor.h
Found and added required header to zip: ../../../../microchip/harmony/v1_08/framework/peripheral/int/templates/int_CPUCurrentPriorityLevel_Default.h
Found and added required header to zip: ../../../../microchip/harmony/v1_08/framework/peripheral/int/templates/int_EnableControl_PIC32.h
Found and added required header to zip: ../../../../microchip/harmony/v1_08/framework/peripheral/int/templates/int_ExternalINTEdgeSelect_Default.h
Found and added required header to zip: ../../../../microchip/harmony/v1_08/framework/peripheral/int/templates/int_INTCPUPriority_Default.h
Found and added required header to zip: ../../../../microchip/harmony/v1_08/framework/peripheral/int/templates/int_INTCPUVector_Default.h
Found and added required header to zip: ../../../../microchip/harmony/v1_08/framework/peripheral/int/templates/int_ProximityTimerControl_Default.h
Found and added required header to zip: ../../../../microchip/harmony/v1_08/framework/peripheral/int/templates/int_ProximityTimerEnable_Default.h
Found and added required header to zip: ../../../../microchip/harmony/v1_08/framework/peripheral/int/templates/int_ShadowRegisterAssign_Default.h
Found and added required header to zip: ../../../../microchip/harmony/v1_08/framework/peripheral/int/templates/int_SingleVectorShadowSet_Default.h
Found and added required header to zip: ../../../../microchip/harmony/v1_08/framework/peripheral/int/templates/int_SoftwareNMI_Default.h
Found and added required header to zip: ../../../../microchip/harmony/v1_08/framework/peripheral/int/templates/int_SourceControl_Default.h
Found and added required header to zip: ../../../../microchip/harmony/v1_08/framework/peripheral/int/templates/int_SourceFlag_Default.h
Found and added required header to zip: ../../../../microchip/harmony/v1_08/framework/peripheral/int/templates/int_VariableOffset_Default.h
Found and added required header to zip: ../../../../microchip/harmony/v1_08/framework/peripheral/int/templates/int_VectorPriority_Default.h
Found and added required header to zip: ../../../../microchip/harmony/v1_08/framework/peripheral/int/templates/int_VectorSelect_Default.h
Found and added required header to zip: ../../../../microchip/harmony/v1_08/framework/peripheral/nvm/plib_nvm.h
Found and added required header to zip: ../../../../microchip/harmony/v1_08/framework/peripheral/nvm/processor/nvm_p32mz1024efe100.h
Found and added required header to zip: ../../../../microchip/harmony/v1_08/framework/peripheral/nvm/processor/nvm_p32xxxx.h
Found and added required header to zip: ../../../../microchip/harmony/v1_08/framework/peripheral/nvm/processor/nvm_processor.h
Found and added required header to zip: ../../../../microchip/harmony/v1_08/framework/peripheral/nvm/templates/nvm_AddressModifyControl_Default.h
Found and added required header to zip: ../../../../microchip/harmony/v1_08/framework/peripheral/nvm/templates/nvm_BootFlashBankRegion_Default.h
Found and added required header to zip: ../../../../microchip/harmony/v1_08/framework/peripheral/nvm/templates/nvm_BootPageWriteProtect_Default.h
Found and added required header to zip: ../../../../microchip/harmony/v1_08/framework/peripheral/nvm/templates/nvm_EEPROMAddressControl_Unsupported.h
Found and added required header to zip: ../../../../microchip/harmony/v1_08/framework/peripheral/nvm/templates/nvm_EEPROMDataControl_Unsupported.h
Found and added required header to zip: ../../../../microchip/harmony/v1_08/framework/peripheral/nvm/templates/nvm_EEPROMEnableControl_Unsupported.h
Found and added required header to zip: ../../../../microchip/harmony/v1_08/framework/peripheral/nvm/templates/nvm_EEPROMEnableOperationControl_Unsupported.h
Found and added required header to zip: ../../../../microchip/harmony/v1_08/framework/peripheral/nvm/templates/nvm_EEPROMErrorStatus_Unsupported.h
Found and added required header to zip: ../../../../microchip/harmony/v1_08/framework/peripheral/nvm/templates/nvm_EEPROMKeySequence_Unsupported.h
Found and added required header to zip: ../../../../microchip/harmony/v1_08/framework/peripheral/nvm/templates/nvm_EEPROMLongWriteStatus_Unsupported.h
Found and added required header to zip: ../../../../microchip/harmony/v1_08/framework/peripheral/nvm/templates/nvm_EEPROMOperationAbortControl_Unsupported.h
Found and added required header to zip: ../../../../microchip/harmony/v1_08/framework/peripheral/nvm/templates/nvm_EEPROMOperationModeControl_Unsupported.h
Found and added required header to zip: ../../../../microchip/harmony/v1_08/framework/peripheral/nvm/templates/nvm_EEPROMStartOperationControl_Unsupported.h
Found and added required header to zip: ../../../../microchip/harmony/v1_08/framework/peripheral/nvm/templates/nvm_EEPROMStopInIdleControl_Unsupported.h
Found and added required header to zip: ../../../../microchip/harmony/v1_08/framework/peripheral/nvm/templates/nvm_FlashBankRegionSelect_Default.h
Found and added required header to zip: ../../../../microchip/harmony/v1_08/framework/peripheral/nvm/templates/nvm_FlashWPMemoryRangeProvide_Default.h
Found and added required header to zip: ../../../../microchip/harmony/v1_08/framework/peripheral/nvm/templates/nvm_KeySequence_Default.h
Found and added required header to zip: ../../../../microchip/harmony/v1_08/framework/peripheral/nvm/templates/nvm_LockBootSelect_Default.h
Found and added required header to zip: ../../../../microchip/harmony/v1_08/framework/peripheral/nvm/templates/nvm_LockPFMSelect_Default.h
Found and added required header to zip: ../../../../microchip/harmony/v1_08/framework/peripheral/nvm/templates/nvm_LowVoltageError_Default.h
Found and added required header to zip: ../../../../microchip/harmony/v1_08/framework/peripheral/nvm/templates/nvm_LowVoltageStatus_Unsupported.h
Found and added required header to zip: ../../../../microchip/harmony/v1_08/framework/peripheral/nvm/templates/nvm_MemoryModificationControl_Default.h
Found and added required header to zip: ../../../../microchip/harmony/v1_08/framework/peripheral/nvm/templates/nvm_OperationMode_Default.h
Found and added required header to zip: ../../../../microchip/harmony/v1_08/framework/peripheral/nvm/templates/nvm_ProvideData_Default.h
Found and added required header to zip: ../../../../microchip/harmony/v1_08/framework/peripheral/nvm/templates/nvm_ProvideQuadData_Default.h
Found and added required header to zip: ../../../../microchip/harmony/v1_08/framework/peripheral/nvm/templates/nvm_SourceAddress_Default.h
Found and added required header to zip: ../../../../microchip/harmony/v1_08/framework/peripheral/nvm/templates/nvm_SwapLockControl_Default.h
Found and added required header to zip: ../../../../microchip/harmony/v1_08/framework/peripheral/nvm/templates/nvm_WriteErrorStatus_Default.h
Found and added required header to zip: ../../../../microchip/harmony/v1_08/framework/peripheral/nvm/templates/nvm_WriteOperation_Default.h
Found and added required header to zip: ../../../../microchip/harmony/v1_08/framework/peripheral/osc/plib_osc.h
Found and added required header to zip: ../../../../microchip/harmony/v1_08/framework/peripheral/osc/processor/osc_p32mz1024efe100.h
Found and added required header to zip: ../../../../microchip/harmony/v1_08/framework/peripheral/osc/processor/osc_p32xxxx.h
Found and added required header to zip: ../../../../microchip/harmony/v1_08/framework/peripheral/osc/processor/osc_processor.h
Found and added required header to zip: ../../../../microchip/harmony/v1_08/framework/peripheral/osc/templates/osc_BTPLLClockOut_Unsupported.h
Found and added required header to zip: ../../../../microchip/harmony/v1_08/framework/peripheral/osc/templates/osc_BTPLLFrequencyRange_Unsupported.h
Found and added required header to zip: ../../../../microchip/harmony/v1_08/framework/peripheral/osc/templates/osc_BTPLLInputClockSource_Unsupported.h
Found and added required header to zip: ../../../../microchip/harmony/v1_08/framework/peripheral/osc/templates/osc_BTPLLInputDivisor_Unsupported.h
Found and added required header to zip: ../../../../microchip/harmony/v1_08/framework/peripheral/osc/templates/osc_BTPLLMultiplier_Unsupported.h
Found and added required header to zip: ../../../../microchip/harmony/v1_08/framework/peripheral/osc/templates/osc_BTPLLOutputDivisor_Unsupported.h
Found and added required header to zip: ../../../../microchip/harmony/v1_08/framework/peripheral/osc/templates/osc_ClockDiagStatus_Unsupported.h
Found and added required header to zip: ../../../../microchip/harmony/v1_08/framework/peripheral/osc/templates/osc_ClockFail_Default.h
Found and added required header to zip: ../../../../microchip/harmony/v1_08/framework/peripheral/osc/templates/osc_ClockReadyStatus_Default.h
Found and added required header to zip: ../../../../microchip/harmony/v1_08/framework/peripheral/osc/templates/osc_ClockSlewingStatus_Default.h
Found and added required header to zip: ../../../../microchip/harmony/v1_08/framework/peripheral/osc/templates/osc_DreamModeControl_Unsupported.h
Found and added required header to zip: ../../../../microchip/harmony/v1_08/framework/peripheral/osc/templates/osc_FRCDivisor_Default.h
Found and added required header to zip: ../../../../microchip/harmony/v1_08/framework/peripheral/osc/templates/osc_FRCTuning_Default.h
Found and added required header to zip: ../../../../microchip/harmony/v1_08/framework/peripheral/osc/templates/osc_ForceLock_Unsupported.h
Found and added required header to zip: ../../../../microchip/harmony/v1_08/framework/peripheral/osc/templates/osc_OnWaitAction_Default.h
Found and added required header to zip: ../../../../microchip/harmony/v1_08/framework/peripheral/osc/templates/osc_OscCurrentGet_PIC32_1.h
Found and added required header to zip: ../../../../microchip/harmony/v1_08/framework/peripheral/osc/templates/osc_OscSelect_Mz.h
Found and added required header to zip: ../../../../microchip/harmony/v1_08/framework/peripheral/osc/templates/osc_OscSwitchInit_Default.h
Found and added required header to zip: ../../../../microchip/harmony/v1_08/framework/peripheral/osc/templates/osc_PBClockDivisor_PIC32_2.h
Found and added required header to zip: ../../../../microchip/harmony/v1_08/framework/peripheral/osc/templates/osc_PBClockOutputEnable_Default.h
Found and added required header to zip: ../../../../microchip/harmony/v1_08/framework/peripheral/osc/templates/osc_PBClockReady_PIC32_1.h
Found and added required header to zip: ../../../../microchip/harmony/v1_08/framework/peripheral/osc/templates/osc_PLLBypass_Unsupported.h
Found and added required header to zip: ../../../../microchip/harmony/v1_08/framework/peripheral/osc/templates/osc_PLLClockLock_Default.h
Found and added required header to zip: ../../../../microchip/harmony/v1_08/framework/peripheral/osc/templates/osc_PLLFrequencyRange_Default.h
Found and added required header to zip: ../../../../microchip/harmony/v1_08/framework/peripheral/osc/templates/osc_PLLInputClockSource_Default.h
Found and added required header to zip: ../../../../microchip/harmony/v1_08/framework/peripheral/osc/templates/osc_PLLInputDivisor_Default.h
Found and added required header to zip: ../../../../microchip/harmony/v1_08/framework/peripheral/osc/templates/osc_PLLLockStatus_Unsupported.h
Found and added required header to zip: ../../../../microchip/harmony/v1_08/framework/peripheral/osc/templates/osc_PLLMultiplier_PIC32_2.h
Found and added required header to zip: ../../../../microchip/harmony/v1_08/framework/peripheral/osc/templates/osc_PLLOutputDivisor_PIC32_2.h
Found and added required header to zip: ../../../../microchip/harmony/v1_08/framework/peripheral/osc/templates/osc_ReferenceOscBaseClock_PIC32_2.h
Found and added required header to zip: ../../../../microchip/harmony/v1_08/framework/peripheral/osc/templates/osc_ReferenceOscChangeActive_PIC32_2.h
Found and added required header to zip: ../../../../microchip/harmony/v1_08/framework/peripheral/osc/templates/osc_ReferenceOscChange_PIC32_2.h
Found and added required header to zip: ../../../../microchip/harmony/v1_08/framework/peripheral/osc/templates/osc_ReferenceOscDivisor_PIC32_2.h
Found and added required header to zip: ../../../../microchip/harmony/v1_08/framework/peripheral/osc/templates/osc_ReferenceOscEnable_PIC32_2.h
Found and added required header to zip: ../../../../microchip/harmony/v1_08/framework/peripheral/osc/templates/osc_ReferenceOscStopInIdleEnable_PIC32_2.h
Found and added required header to zip: ../../../../microchip/harmony/v1_08/framework/peripheral/osc/templates/osc_ReferenceOscStopInSleep_PIC32_2.h
Found and added required header to zip: ../../../../microchip/harmony/v1_08/framework/peripheral/osc/templates/osc_ReferenceOscTrim_PIC32_2.h
Found and added required header to zip: ../../../../microchip/harmony/v1_08/framework/peripheral/osc/templates/osc_ReferenceOutputEnable_PIC32_2.h
Found and added required header to zip: ../../../../microchip/harmony/v1_08/framework/peripheral/osc/templates/osc_ResetPLL_Unsupported.h
Found and added required header to zip: ../../../../microchip/harmony/v1_08/framework/peripheral/osc/templates/osc_SecondaryEnable_Default.h
Found and added required header to zip: ../../../../microchip/harmony/v1_08/framework/peripheral/osc/templates/osc_SecondaryReady_Default.h
Found and added required header to zip: ../../../../microchip/harmony/v1_08/framework/peripheral/osc/templates/osc_SleepToStartupClock_Default.h
Found and added required header to zip: ../../../../microchip/harmony/v1_08/framework/peripheral/osc/templates/osc_SlewDivisorStepControl_Default.h
Found and added required header to zip: ../../../../microchip/harmony/v1_08/framework/peripheral/osc/templates/osc_SlewEnableControl_Default.h
Found and added required header to zip: ../../../../microchip/harmony/v1_08/framework/peripheral/osc/templates/osc_SystemClockDivisorControl_Default.h
Found and added required header to zip: ../../../../microchip/harmony/v1_08/framework/peripheral/osc/templates/osc_UPLLFrequencyRange_Unsupported.h
Found and added required header to zip: ../../../../microchip/harmony/v1_08/framework/peripheral/osc/templates/osc_UPLLInputDivisor_Unsupported.h
Found and added required header to zip: ../../../../microchip/harmony/v1_08/framework/peripheral/osc/templates/osc_UPLLMultiplier_Unsupported.h
Found and added required header to zip: ../../../../microchip/harmony/v1_08/framework/peripheral/osc/templates/osc_UPLLOutputDivisor_Unsupported.h
Found and added required header to zip: ../../../../microchip/harmony/v1_08/framework/peripheral/osc/templates/osc_UsbClockSource_Unsupported.h
Found and added required header to zip: ../../../../microchip/harmony/v1_08/framework/peripheral/pcache/plib_pcache.h
Found and added required header to zip: ../../../../microchip/harmony/v1_08/framework/peripheral/pcache/processor/pcache_p32mz1024efe100.h
Found and added required header to zip: ../../../../microchip/harmony/v1_08/framework/peripheral/pcache/processor/pcache_p32xxxx.h
Found and added required header to zip: ../../../../microchip/harmony/v1_08/framework/peripheral/pcache/processor/pcache_processor.h
Found and added required header to zip: ../../../../microchip/harmony/v1_08/framework/peripheral/pcache/templates/pcache_CacheHit_Unsupported.h
Found and added required header to zip: ../../../../microchip/harmony/v1_08/framework/peripheral/pcache/templates/pcache_CacheLineAddr_Unsupported.h
Found and added required header to zip: ../../../../microchip/harmony/v1_08/framework/peripheral/pcache/templates/pcache_CacheLineFlashType_Unsupported.h
Found and added required header to zip: ../../../../microchip/harmony/v1_08/framework/peripheral/pcache/templates/pcache_CacheLineLock_Unsupported.h
Found and added required header to zip: ../../../../microchip/harmony/v1_08/framework/peripheral/pcache/templates/pcache_CacheLineMask_Unsupported.h
Found and added required header to zip: ../../../../microchip/harmony/v1_08/framework/peripheral/pcache/templates/pcache_CacheLineSelect_Unsupported.h
Found and added required header to zip: ../../../../microchip/harmony/v1_08/framework/peripheral/pcache/templates/pcache_CacheLineType_Unsupported.h
Found and added required header to zip: ../../../../microchip/harmony/v1_08/framework/peripheral/pcache/templates/pcache_CacheLineValid_Unsupported.h
Found and added required header to zip: ../../../../microchip/harmony/v1_08/framework/peripheral/pcache/templates/pcache_CacheMiss_Unsupported.h
Found and added required header to zip: ../../../../microchip/harmony/v1_08/framework/peripheral/pcache/templates/pcache_DataCacheEnable_Unsupported.h
Found and added required header to zip: ../../../../microchip/harmony/v1_08/framework/peripheral/pcache/templates/pcache_FlashDEDStatus_Default.h
Found and added required header to zip: ../../../../microchip/harmony/v1_08/framework/peripheral/pcache/templates/pcache_FlashSECCount_Default.h
Found and added required header to zip: ../../../../microchip/harmony/v1_08/framework/peripheral/pcache/templates/pcache_FlashSECInt_Default.h
Found and added required header to zip: ../../../../microchip/harmony/v1_08/framework/peripheral/pcache/templates/pcache_FlashSECStatus_Default.h
Found and added required header to zip: ../../../../microchip/harmony/v1_08/framework/peripheral/pcache/templates/pcache_InvalidateOnPFMProgram_Unsupported.h
Found and added required header to zip: ../../../../microchip/harmony/v1_08/framework/peripheral/pcache/templates/pcache_LeastRecentlyUsedState_Unsupported.h
Found and added required header to zip: ../../../../microchip/harmony/v1_08/framework/peripheral/pcache/templates/pcache_PrefetchAbort_Unsupported.h
Found and added required header to zip: ../../../../microchip/harmony/v1_08/framework/peripheral/pcache/templates/pcache_PrefetchEnable_Default.h
Found and added required header to zip: ../../../../microchip/harmony/v1_08/framework/peripheral/pcache/templates/pcache_WaitState_Default.h
Found and added required header to zip: ../../../../microchip/harmony/v1_08/framework/peripheral/pcache/templates/pcache_Word_Unsupported.h
Found and added required header to zip: ../../../../microchip/harmony/v1_08/framework/peripheral/pmp/plib_pmp.h
Found and added required header to zip: ../../../../microchip/harmony/v1_08/framework/peripheral/pmp/processor/pmp_p32mz1024efe100.h
Found and added required header to zip: ../../../../microchip/harmony/v1_08/framework/peripheral/pmp/processor/pmp_p32xxxx.h
Found and added required header to zip: ../../../../microchip/harmony/v1_08/framework/peripheral/pmp/processor/pmp_processor.h
Found and added required header to zip: ../../../../microchip/harmony/v1_08/framework/peripheral/pmp/templates/pmp_AddressControl_Default.h
Found and added required header to zip: ../../../../microchip/harmony/v1_08/framework/peripheral/pmp/templates/pmp_AddressLatchPolarity_Default.h
Found and added required header to zip: ../../../../microchip/harmony/v1_08/framework/peripheral/pmp/templates/pmp_AddressLatchStrobePortControl_Default.h
Found and added required header to zip: ../../../../microchip/harmony/v1_08/framework/peripheral/pmp/templates/pmp_AddressPortPinControl_Basic.h
Found and added required header to zip: ../../../../microchip/harmony/v1_08/framework/peripheral/pmp/templates/pmp_BufferOverFlow_Default.h
Found and added required header to zip: ../../../../microchip/harmony/v1_08/framework/peripheral/pmp/templates/pmp_BufferRead_32bit.h
Found and added required header to zip: ../../../../microchip/harmony/v1_08/framework/peripheral/pmp/templates/pmp_BufferType_Default.h
Found and added required header to zip: ../../../../microchip/harmony/v1_08/framework/peripheral/pmp/templates/pmp_BufferUnderFlow_Default.h
Found and added required header to zip: ../../../../microchip/harmony/v1_08/framework/peripheral/pmp/templates/pmp_BufferWrite_32bit.h
Found and added required header to zip: ../../../../microchip/harmony/v1_08/framework/peripheral/pmp/templates/pmp_BusyStatus_Default.h
Found and added required header to zip: ../../../../microchip/harmony/v1_08/framework/peripheral/pmp/templates/pmp_CSXActiveStatus_Default.h
Found and added required header to zip: ../../../../microchip/harmony/v1_08/framework/peripheral/pmp/templates/pmp_ChipSelectEnable_Basic.h
Found and added required header to zip: ../../../../microchip/harmony/v1_08/framework/peripheral/pmp/templates/pmp_ChipSelectoperation_Default.h
Found and added required header to zip: ../../../../microchip/harmony/v1_08/framework/peripheral/pmp/templates/pmp_ChipXPolarity_Default.h
Found and added required header to zip: ../../../../microchip/harmony/v1_08/framework/peripheral/pmp/templates/pmp_DataHoldWaitStates_Default.h
Found and added required header to zip: ../../../../microchip/harmony/v1_08/framework/peripheral/pmp/templates/pmp_DataSetUpWaitStates_Default.h
Found and added required header to zip: ../../../../microchip/harmony/v1_08/framework/peripheral/pmp/templates/pmp_DataStrobeWaitStates_Default.h
Found and added required header to zip: ../../../../microchip/harmony/v1_08/framework/peripheral/pmp/templates/pmp_DataTransferSize_Default.h
Found and added required header to zip: ../../../../microchip/harmony/v1_08/framework/peripheral/pmp/templates/pmp_DualBufferControl_Default.h
Found and added required header to zip: ../../../../microchip/harmony/v1_08/framework/peripheral/pmp/templates/pmp_DualModeMasterRXTX_Default.h
Found and added required header to zip: ../../../../microchip/harmony/v1_08/framework/peripheral/pmp/templates/pmp_DualModeReadAddressControl_Default.h
Found and added required header to zip: ../../../../microchip/harmony/v1_08/framework/peripheral/pmp/templates/pmp_DualModeWriteAddressControl_Default.h
Found and added required header to zip: ../../../../microchip/harmony/v1_08/framework/peripheral/pmp/templates/pmp_EnableControl_Default.h
Found and added required header to zip: ../../../../microchip/harmony/v1_08/framework/peripheral/pmp/templates/pmp_IncrementMode_Default.h
Found and added required header to zip: ../../../../microchip/harmony/v1_08/framework/peripheral/pmp/templates/pmp_InputBufferFull_Default.h
Found and added required header to zip: ../../../../microchip/harmony/v1_08/framework/peripheral/pmp/templates/pmp_InputBufferXStatus_Default.h
Found and added required header to zip: ../../../../microchip/harmony/v1_08/framework/peripheral/pmp/templates/pmp_InterruptMode_Default.h
Found and added required header to zip: ../../../../microchip/harmony/v1_08/framework/peripheral/pmp/templates/pmp_MUXModeSelect_Default.h
Found and added required header to zip: ../../../../microchip/harmony/v1_08/framework/peripheral/pmp/templates/pmp_MasterRXTX_Default.h
Found and added required header to zip: ../../../../microchip/harmony/v1_08/framework/peripheral/pmp/templates/pmp_OperationMode_Default.h
Found and added required header to zip: ../../../../microchip/harmony/v1_08/framework/peripheral/pmp/templates/pmp_OutPutBufferEmpty_Default.h
Found and added required header to zip: ../../../../microchip/harmony/v1_08/framework/peripheral/pmp/templates/pmp_OutputBufferXStatus_Default.h
Found and added required header to zip: ../../../../microchip/harmony/v1_08/framework/peripheral/pmp/templates/pmp_ReadChipSelectEnable_Basic.h
Found and added required header to zip: ../../../../microchip/harmony/v1_08/framework/peripheral/pmp/templates/pmp_ReadWritePolarity_Basic.h
Found and added required header to zip: ../../../../microchip/harmony/v1_08/framework/peripheral/pmp/templates/pmp_ReadWriteStrobePortControl_Default.h
Found and added required header to zip: ../../../../microchip/harmony/v1_08/framework/peripheral/pmp/templates/pmp_SlaveRX_Default.h
Found and added required header to zip: ../../../../microchip/harmony/v1_08/framework/peripheral/pmp/templates/pmp_SlaveTX_Default.h
Found and added required header to zip: ../../../../microchip/harmony/v1_08/framework/peripheral/pmp/templates/pmp_StartReadControl_Default.h
Found and added required header to zip: ../../../../microchip/harmony/v1_08/framework/peripheral/pmp/templates/pmp_StopInIdleControl_Default.h
Found and added required header to zip: ../../../../microchip/harmony/v1_08/framework/peripheral/pmp/templates/pmp_WriteChipSelectEnable_Basic.h
Found and added required header to zip: ../../../../microchip/harmony/v1_08/framework/peripheral/pmp/templates/pmp_WriteEnablePolarity_Basic.h
Found and added required header to zip: ../../../../microchip/harmony/v1_08/framework/peripheral/pmp/templates/pmp_WriteEnablePortControl_Default.h
Found and added required header to zip: ../../../../microchip/harmony/v1_08/framework/peripheral/ports/plib_ports.h
Found and added required header to zip: ../../../../microchip/harmony/v1_08/framework/peripheral/ports/processor/ports_p32mz1024efe100.h
Found and added required header to zip: ../../../../microchip/harmony/v1_08/framework/peripheral/ports/processor/ports_p32xxxx.h
Found and added required header to zip: ../../../../microchip/harmony/v1_08/framework/peripheral/ports/processor/ports_processor.h
Found and added required header to zip: ../../../../microchip/harmony/v1_08/framework/peripheral/ports/templates/ports_AnPinsMode_Unsupported.h
Found and added required header to zip: ../../../../microchip/harmony/v1_08/framework/peripheral/ports/templates/ports_ChangeNoticeEdgeControl_Default.h
Found and added required header to zip: ../../../../microchip/harmony/v1_08/framework/peripheral/ports/templates/ports_ChangeNoticeEdgeStatus_Default.h
Found and added required header to zip: ../../../../microchip/harmony/v1_08/framework/peripheral/ports/templates/ports_ChangeNoticeInIdlePerPort_Default.h
Found and added required header to zip: ../../../../microchip/harmony/v1_08/framework/peripheral/ports/templates/ports_ChangeNoticeInIdle_Unsupported.h
Found and added required header to zip: ../../../../microchip/harmony/v1_08/framework/peripheral/ports/templates/ports_ChangeNoticePerPortStatus_Default.h
Found and added required header to zip: ../../../../microchip/harmony/v1_08/framework/peripheral/ports/templates/ports_ChangeNoticePerPortTurnOn_Default.h
Found and added required header to zip: ../../../../microchip/harmony/v1_08/framework/peripheral/ports/templates/ports_ChangeNoticePullDownPerPort_Default.h
Found and added required header to zip: ../../../../microchip/harmony/v1_08/framework/peripheral/ports/templates/ports_ChangeNoticePullUpPerPort_Default.h
Found and added required header to zip: ../../../../microchip/harmony/v1_08/framework/peripheral/ports/templates/ports_ChangeNoticePullup_Unsupported.h
Found and added required header to zip: ../../../../microchip/harmony/v1_08/framework/peripheral/ports/templates/ports_ChangeNotice_Unsupported.h
Found and added required header to zip: ../../../../microchip/harmony/v1_08/framework/peripheral/ports/templates/ports_ChannelChangeNoticeMethod_Default.h
Found and added required header to zip: ../../../../microchip/harmony/v1_08/framework/peripheral/ports/templates/ports_LatchRead_MCU32_PPS.h
Found and added required header to zip: ../../../../microchip/harmony/v1_08/framework/peripheral/ports/templates/ports_PinChangeNoticePerPort_Default.h
Found and added required header to zip: ../../../../microchip/harmony/v1_08/framework/peripheral/ports/templates/ports_PinChangeNotice_Unsupported.h
Found and added required header to zip: ../../../../microchip/harmony/v1_08/framework/peripheral/ports/templates/ports_PinModePerPort_Default.h
Found and added required header to zip: ../../../../microchip/harmony/v1_08/framework/peripheral/ports/templates/ports_PinMode_PPS.h
Found and added required header to zip: ../../../../microchip/harmony/v1_08/framework/peripheral/ports/templates/ports_PortsDirection_MCU32_PPS.h
Found and added required header to zip: ../../../../microchip/harmony/v1_08/framework/peripheral/ports/templates/ports_PortsOpenDrain_MCU32_PPS.h
Found and added required header to zip: ../../../../microchip/harmony/v1_08/framework/peripheral/ports/templates/ports_PortsRead_MCU32_PPS.h
Found and added required header to zip: ../../../../microchip/harmony/v1_08/framework/peripheral/ports/templates/ports_PortsWrite_MCU32_PPS.h
Found and added required header to zip: ../../../../microchip/harmony/v1_08/framework/peripheral/ports/templates/ports_RemapInput_default.h
Found and added required header to zip: ../../../../microchip/harmony/v1_08/framework/peripheral/ports/templates/ports_RemapOutput_PIC32_1.h
Found and added required header to zip: ../../../../microchip/harmony/v1_08/framework/peripheral/ports/templates/ports_SlewRateControl_Default.h
Found and added required header to zip: ../../../../microchip/harmony/v1_08/framework/peripheral/reset/plib_reset.h
Found and added required header to zip: ../../../../microchip/harmony/v1_08/framework/peripheral/reset/processor/reset_p32mz1024efe100.h
Found and added required header to zip: ../../../../microchip/harmony/v1_08/framework/peripheral/reset/processor/reset_p32xxxx.h
Found and added required header to zip: ../../../../microchip/harmony/v1_08/framework/peripheral/reset/processor/reset_processor.h
Found and added required header to zip: ../../../../microchip/harmony/v1_08/framework/peripheral/reset/templates/reset_ConfigRegReadError_Default.h
Found and added required header to zip: ../../../../microchip/harmony/v1_08/framework/peripheral/reset/templates/reset_NmiControl_MZ_1.h
Found and added required header to zip: ../../../../microchip/harmony/v1_08/framework/peripheral/reset/templates/reset_NmiCounter_Default.h
Found and added required header to zip: ../../../../microchip/harmony/v1_08/framework/peripheral/reset/templates/reset_ResetReasonStatus_MZ.h
Found and added required header to zip: ../../../../microchip/harmony/v1_08/framework/peripheral/reset/templates/reset_SoftwareResetTrigger_Default.h
Found and added required header to zip: ../../../../microchip/harmony/v1_08/framework/peripheral/reset/templates/reset_WdtoInSleep_Default.h
Found and added required header to zip: ../../../../microchip/harmony/v1_08/framework/peripheral/usart/plib_usart.h
Found and added required header to zip: ../../../../microchip/harmony/v1_08/framework/peripheral/usart/processor/usart_p32mz1024efe100.h
Found and added required header to zip: ../../../../microchip/harmony/v1_08/framework/peripheral/usart/processor/usart_p32xxxx.h
Found and added required header to zip: ../../../../microchip/harmony/v1_08/framework/peripheral/usart/processor/usart_processor.h
Found and added required header to zip: ../../../../microchip/harmony/v1_08/framework/peripheral/usart/templates/usart_BRGClockSourceSelect_Unsupported.h
Found and added required header to zip: ../../../../microchip/harmony/v1_08/framework/peripheral/usart/templates/usart_BaudRateAutoDetect_Default.h
Found and added required header to zip: ../../../../microchip/harmony/v1_08/framework/peripheral/usart/templates/usart_BaudRateHigh_In16BitRegister.h
Found and added required header to zip: ../../../../microchip/harmony/v1_08/framework/peripheral/usart/templates/usart_BaudRate_In16BitRegister.h
Found and added required header to zip: ../../../../microchip/harmony/v1_08/framework/peripheral/usart/templates/usart_EnableControl_Default.h
Found and added required header to zip: ../../../../microchip/harmony/v1_08/framework/peripheral/usart/templates/usart_HandShakeMode_Default.h
Found and added required header to zip: ../../../../microchip/harmony/v1_08/framework/peripheral/usart/templates/usart_IrDAControl_Default.h
Found and added required header to zip: ../../../../microchip/harmony/v1_08/framework/peripheral/usart/templates/usart_LineControlMode_RXandTXCombined.h
Found and added required header to zip: ../../../../microchip/harmony/v1_08/framework/peripheral/usart/templates/usart_Loopback_Default.h
Found and added required header to zip: ../../../../microchip/harmony/v1_08/framework/peripheral/usart/templates/usart_OperationMode_Default.h
Found and added required header to zip: ../../../../microchip/harmony/v1_08/framework/peripheral/usart/templates/usart_Receiver9Bits_Default.h
Found and added required header to zip: ../../../../microchip/harmony/v1_08/framework/peripheral/usart/templates/usart_ReceiverAddressAutoDetect_Default.h
Found and added required header to zip: ../../../../microchip/harmony/v1_08/framework/peripheral/usart/templates/usart_ReceiverAddressDetect_Default.h
Found and added required header to zip: ../../../../microchip/harmony/v1_08/framework/peripheral/usart/templates/usart_ReceiverAddressMask_Unsupported.h
Found and added required header to zip: ../../../../microchip/harmony/v1_08/framework/peripheral/usart/templates/usart_ReceiverAddress_Default.h
Found and added required header to zip: ../../../../microchip/harmony/v1_08/framework/peripheral/usart/templates/usart_ReceiverDataAvailable_Default.h
Found and added required header to zip: ../../../../microchip/harmony/v1_08/framework/peripheral/usart/templates/usart_ReceiverEnableControl_Default.h
Found and added required header to zip: ../../../../microchip/harmony/v1_08/framework/peripheral/usart/templates/usart_ReceiverFramingError_Default.h
Found and added required header to zip: ../../../../microchip/harmony/v1_08/framework/peripheral/usart/templates/usart_ReceiverIdle_Default.h
Found and added required header to zip: ../../../../microchip/harmony/v1_08/framework/peripheral/usart/templates/usart_ReceiverInterruptMode_Default.h
Found and added required header to zip: ../../../../microchip/harmony/v1_08/framework/peripheral/usart/templates/usart_ReceiverOverrunError_Default.h
Found and added required header to zip: ../../../../microchip/harmony/v1_08/framework/peripheral/usart/templates/usart_ReceiverParityError_Default.h
Found and added required header to zip: ../../../../microchip/harmony/v1_08/framework/peripheral/usart/templates/usart_ReceiverPolarityInvert_Default.h
Found and added required header to zip: ../../../../microchip/harmony/v1_08/framework/peripheral/usart/templates/usart_Receiver_Default.h
Found and added required header to zip: ../../../../microchip/harmony/v1_08/framework/peripheral/usart/templates/usart_RunInOverflow_Unsupported.h
Found and added required header to zip: ../../../../microchip/harmony/v1_08/framework/peripheral/usart/templates/usart_RunInSleepMode_Unsupported.h
Found and added required header to zip: ../../../../microchip/harmony/v1_08/framework/peripheral/usart/templates/usart_StopInIdle_Default.h
Found and added required header to zip: ../../../../microchip/harmony/v1_08/framework/peripheral/usart/templates/usart_Transmitter9Bits_InDataOnly.h
Found and added required header to zip: ../../../../microchip/harmony/v1_08/framework/peripheral/usart/templates/usart_TransmitterBreak_Default.h
Found and added required header to zip: ../../../../microchip/harmony/v1_08/framework/peripheral/usart/templates/usart_TransmitterBufferFull_Default.h
Found and added required header to zip: ../../../../microchip/harmony/v1_08/framework/peripheral/usart/templates/usart_TransmitterEmpty_Default.h
Found and added required header to zip: ../../../../microchip/harmony/v1_08/framework/peripheral/usart/templates/usart_TransmitterEnableControl_Default.h
Found and added required header to zip: ../../../../microchip/harmony/v1_08/framework/peripheral/usart/templates/usart_TransmitterIdleIsLow_pic32.h
Found and added required header to zip: ../../../../microchip/harmony/v1_08/framework/peripheral/usart/templates/usart_TransmitterInterruptMode_Default.h
Found and added required header to zip: ../../../../microchip/harmony/v1_08/framework/peripheral/usart/templates/usart_Transmitter_Default.h
Found and added required header to zip: ../../../../microchip/harmony/v1_08/framework/peripheral/usart/templates/usart_UsartModuleStatus_Unsupported.h
Found and added required header to zip: ../../../../microchip/harmony/v1_08/framework/peripheral/usart/templates/usart_WakeOnStart_Default.h
Found and added required header to zip: ../../../../microchip/harmony/v1_08/framework/system/dma/sys_dma.h
Found and added required header to zip: ../../../../microchip/harmony/v1_08/framework/system/fs/sys_fs.h
Found and added required header to zip: ../../../../microchip/harmony/v1_08/framework/system/int/sys_int.h
Found and added required header to zip: ../../../../microchip/harmony/v1_08/framework/system/int/sys_int_mapping.h
Found and added required header to zip: ../../../../microchip/harmony/v1_08/framework/system/reset/src/sys_reset_mapping.h
Found and added required header to zip: ../../../../microchip/harmony/v1_08/framework/system/reset/sys_reset.h
